
 { "id" : "l8x6fhtd",
  "modele" : "SANDBOXENO32",
  "enoCoreVersion" : "2.3.10-controls-type",
  "lunaticModelVersion" : "2.2.14-rc",
  "generatingDate" : "19-10-2022 13:21:22",
  "missing" : false,
  "pagination" : "question",
  "maxPage" : "4",
  "label" : 
  { "value" : "Sandbox Eno V3 Lunatic V2",
   "type" : "VTL|MD" },
  "components" : 
  [ 
   { "id" : "l9888jno",
    "componentType" : "Sequence",
    "page" : "1",
    "label" : 
    { "value" : "\"I - \" || \"Tableaux\"",
     "type" : "VTL|MD" },
    "conditionFilter" : 
    { "value" : "true",
     "type" : "VTL" },
    "hierarchy" : 
    { "sequence" : 
     { "id" : "l9888jno",
      "page" : "1",
      "label" : 
      { "value" : "\"I - \" || \"Tableaux\"",
       "type" : "VTL|MD" } } } },
   
   { "id" : "l9fnvlo1",
    "componentType" : "CheckboxGroup",
    "page" : "2",
    "label" : 
    { "value" : "\"➡ \" || \"QCM simple\"",
     "type" : "VTL|MD" },
    "conditionFilter" : 
    { "value" : "true",
     "type" : "VTL" },
    "hierarchy" : 
    { "sequence" : 
     { "id" : "l9888jno",
      "page" : "1",
      "label" : 
      { "value" : "\"I - \" || \"Tableaux\"",
       "type" : "VTL|MD" } } },
    "bindingDependencies" : 
    [ "QCM_SIMPLE1",
     "QCM_SIMPLE2",
     "QCM_SIMPLE3",
     "QCM_SIMPLE4" ],
    "responses" : 
    [ 
     { "id" : "l9fnvlo1-QOP-l9fo53xf",
      "label" : 
      { "value" : "\"Code A\"",
       "type" : "VTL|MD" },
      "response" : 
      { "name" : "QCM_SIMPLE1" } },
     
     { "id" : "l9fnvlo1-QOP-l9fo42l5",
      "label" : 
      { "value" : "\"Code B\"",
       "type" : "VTL|MD" },
      "response" : 
      { "name" : "QCM_SIMPLE2" } },
     
     { "id" : "l9fnvlo1-QOP-l9fo4h3u",
      "label" : 
      { "value" : "\"Code C\"",
       "type" : "VTL|MD" },
      "response" : 
      { "name" : "QCM_SIMPLE3" } },
     
     { "id" : "l9fnvlo1-QOP-l9fnsw5o",
      "label" : 
      { "value" : "\"Code D\"",
       "type" : "VTL|MD" },
      "response" : 
      { "name" : "QCM_SIMPLE4" } } ] },
   
   { "id" : "COMMENT-SEQ",
    "componentType" : "Sequence",
    "page" : "3",
    "label" : 
    { "value" : "\"Commentaire\"",
     "type" : "VTL|MD" },
    "conditionFilter" : 
    { "value" : "true",
     "type" : "VTL" },
    "hierarchy" : 
    { "sequence" : 
     { "id" : "COMMENT-SEQ",
      "page" : "3",
      "label" : 
      { "value" : "\"Commentaire\"",
       "type" : "VTL|MD" } } } },
   
   { "id" : "COMMENT-QUESTION",
    "componentType" : "Textarea",
    "mandatory" : false,
    "page" : "4",
    "maxLength" : 2000,
    "label" : 
    { "value" : "\"Avez-vous des remarques concernant l'enquête ou des commentaires ?\"",
     "type" : "VTL|MD" },
    "conditionFilter" : 
    { "value" : "true",
     "type" : "VTL" },
    "hierarchy" : 
    { "sequence" : 
     { "id" : "COMMENT-SEQ",
      "page" : "3",
      "label" : 
      { "value" : "\"Commentaire\"",
       "type" : "VTL|MD" } } },
    "bindingDependencies" : 
    [ "COMMENT_QE" ],
    "response" : 
    { "name" : "COMMENT_QE" } } ],
  "variables" : 
  [ 
   { "variableType" : "COLLECTED",
    "name" : "COMMENT_QE",
    "values" : 
    { "PREVIOUS" : null,
     "COLLECTED" : null,
     "FORCED" : null,
     "EDITED" : null,
     "INPUTED" : null } },
   
   { "variableType" : "COLLECTED",
    "name" : "QCM_SIMPLE1",
    "values" : 
    { "PREVIOUS" : null,
     "COLLECTED" : null,
     "FORCED" : null,
     "EDITED" : null,
     "INPUTED" : null } },
   
   { "variableType" : "COLLECTED",
    "name" : "QCM_SIMPLE2",
    "values" : 
    { "PREVIOUS" : null,
     "COLLECTED" : null,
     "FORCED" : null,
     "EDITED" : null,
     "INPUTED" : null } },
   
   { "variableType" : "COLLECTED",
    "name" : "QCM_SIMPLE3",
    "values" : 
    { "PREVIOUS" : null,
     "COLLECTED" : null,
     "FORCED" : null,
     "EDITED" : null,
     "INPUTED" : null } },
   
   { "variableType" : "COLLECTED",
    "name" : "QCM_SIMPLE4",
    "values" : 
    { "PREVIOUS" : null,
     "COLLECTED" : null,
     "FORCED" : null,
     "EDITED" : null,
     "INPUTED" : null } },
   
   { "variableType" : "CALCULATED",
    "name" : "FILTER_RESULT_QCM_SIMPLE",
    "expression" : 
    { "value" : "true",
     "type" : "VTL" },
    "inFilter" : "false" } ],
  "cleaning" : 
  {  },
  "resizing" : 
  {  } }