
 { "id" : "l5v3spn0",
  "modele" : "TESTANNE",
  "enoCoreVersion" : "2.4.0",
  "lunaticModelVersion" : "2.3.1",
  "generatingDate" : "09-01-2023 10:19:56",
  "missing" : false,
  "pagination" : "question",
  "maxPage" : "10",
  "label" : 
  { "value" : "QBUG Boucles séquences - tous les cas VTL (bug sur boucles liees tableau)",
   "type" : "VTL|MD" },
  "components" : 
  [ 
   { "id" : "kzy36hjd",
    "componentType" : "Loop",
    "page" : "1",
    "depth" : 1,
    "paginatedLoop" : false,
    "conditionFilter" : 
    { "value" : "true",
     "type" : "VTL" },
    "bindingDependencies" : 
    [ "VAR1" ],
    "lines" : 
    { "min" : 
     { "value" : "1",
      "type" : "VTL" },
     "max" : 
     { "value" : "5",
      "type" : "VTL" } },
    "components" : 
    [ 
     { "id" : "kzwx78vf",
      "componentType" : "Sequence",
      "page" : "1",
      "label" : 
      { "value" : "\"I - \" || \"S1 boucle simple de sequences (de 1 à 5)\"",
       "type" : "VTL|MD" },
      "conditionFilter" : 
      { "value" : "true",
       "type" : "VTL" },
      "hierarchy" : 
      { "sequence" : 
       { "id" : "kzwx78vf",
        "page" : "1",
        "label" : 
        { "value" : "\"I - \" || \"S1 boucle simple de sequences (de 1 à 5)\"",
         "type" : "VTL|MD" } } } },
     
     { "id" : "kyn3wfvd",
      "componentType" : "Input",
      "mandatory" : false,
      "page" : "1",
      "maxLength" : 249,
      "label" : 
      { "value" : "\"➡ \" || \"VAR1 - collecte\"",
       "type" : "VTL|MD" },
      "conditionFilter" : 
      { "value" : "true",
       "type" : "VTL" },
      "hierarchy" : 
      { "sequence" : 
       { "id" : "kzwx78vf",
        "page" : "1",
        "label" : 
        { "value" : "\"I - \" || \"S1 boucle simple de sequences (de 1 à 5)\"",
         "type" : "VTL|MD" } } },
      "bindingDependencies" : 
      [ "VAR1" ],
      "response" : 
      { "name" : "VAR1" } } ] },
   
   { "id" : "kwupyhsh",
    "componentType" : "Sequence",
    "page" : "2",
    "label" : 
    { "value" : "\"II - \" || \"S2 collecte d’un nombre \"",
     "type" : "VTL|MD" },
    "conditionFilter" : 
    { "value" : "true",
     "type" : "VTL" },
    "hierarchy" : 
    { "sequence" : 
     { "id" : "kwupyhsh",
      "page" : "2",
      "label" : 
      { "value" : "\"II - \" || \"S2 collecte d’un nombre \"",
       "type" : "VTL|MD" } } } },
   
   { "id" : "kyn41vx2",
    "componentType" : "InputNumber",
    "mandatory" : false,
    "page" : "3",
    "min" : 1,
    "max" : 5,
    "decimals" : 0,
    "label" : 
    { "value" : "\"➡ \" || \"NB de 1 à 5 \"",
     "type" : "VTL|MD" },
    "conditionFilter" : 
    { "value" : "true",
     "type" : "VTL" },
    "controls" : 
    [ 
     { "id" : "kyn41vx2-format-borne-inf-sup",
      "typeOfControl" : "FORMAT",
      "criticality" : "ERROR",
      "control" : 
      { "value" : "not(not(isnull(NBHAB)) and (1>NBHAB or 5<NBHAB))",
       "type" : "VTL" },
      "errorMessage" : 
      { "value" : "\" La valeur doit être comprise entre 1 et 5.\"",
       "type" : "VTL|MD" } },
     
     { "id" : "kyn41vx2-format-decimal",
      "typeOfControl" : "FORMAT",
      "criticality" : "ERROR",
      "control" : 
      { "value" : "not(not(isnull(NBHAB))  and round(NBHAB,0)<>NBHAB)",
       "type" : "VTL" },
      "errorMessage" : 
      { "value" : "\"Le nombre doit comporter au maximum 0 chiffre(s) après la virgule.\"",
       "type" : "VTL|MD" } } ],
    "hierarchy" : 
    { "sequence" : 
     { "id" : "kwupyhsh",
      "page" : "2",
      "label" : 
      { "value" : "\"II - \" || \"S2 collecte d’un nombre \"",
       "type" : "VTL|MD" } } },
    "bindingDependencies" : 
    [ "NBHAB" ],
    "response" : 
    { "name" : "NBHAB" } },
   
   { "id" : "kzy3196b",
    "componentType" : "Loop",
    "page" : "4",
    "depth" : 1,
    "paginatedLoop" : false,
    "conditionFilter" : 
    { "value" : "true",
     "type" : "VTL" },
    "bindingDependencies" : 
    [ "NBHAB",
     "VAR2A",
     "VAR2B" ],
    "loopDependencies" : 
    [ "NBHAB" ],
    "lines" : 
    { "min" : 
     { "value" : "cast(NBHAB,integer)",
      "type" : "VTL" },
     "max" : 
     { "value" : "cast(NBHAB,integer)",
      "type" : "VTL" } },
    "components" : 
    [ 
     { "id" : "kyyaan0c",
      "componentType" : "Sequence",
      "page" : "4",
      "label" : 
      { "value" : "\"III - \" || \"S3 boucles sur sequence, nb collecté en S2 : \" || cast(NBHAB,string)",
       "type" : "VTL|MD" },
      "conditionFilter" : 
      { "value" : "true",
       "type" : "VTL" },
      "hierarchy" : 
      { "sequence" : 
       { "id" : "kyyaan0c",
        "page" : "4",
        "label" : 
        { "value" : "\"III - \" || \"S3 boucles sur sequence, nb collecté en S2 : \" || cast(NBHAB,string)",
         "type" : "VTL|MD" } } },
      "bindingDependencies" : 
      [ "NBHAB" ] },
     
     { "id" : "kyn48ve5",
      "componentType" : "CheckboxOne",
      "mandatory" : false,
      "page" : "4",
      "label" : 
      { "value" : "\"➡ \" || \"VAR2A\"",
       "type" : "VTL|MD" },
      "declarations" : 
      [ 
       { "id" : "kyn48ve5-kyo4yga9",
        "declarationType" : "HELP",
        "position" : "AFTER_QUESTION_TEXT",
        "label" : 
        { "value" : "Controle si QCU1INDIV vide",
         "type" : "VTL|MD" } } ],
      "conditionFilter" : 
      { "value" : "true",
       "type" : "VTL" },
      "controls" : 
      [ 
       { "id" : "kyn48ve5-CI-0",
        "typeOfControl" : "CONSISTENCY",
        "criticality" : "WARN",
        "control" : 
        { "value" : "not(isnull($QCU1INDIV$))",
         "type" : "VTL" },
        "errorMessage" : 
        { "value" : "\"Remplir QCU1INDIV\"",
         "type" : "VTL|MD" } } ],
      "hierarchy" : 
      { "sequence" : 
       { "id" : "kyyaan0c",
        "page" : "4",
        "label" : 
        { "value" : "\"III - \" || \"S3 boucles sur sequence, nb collecté en S2 : \" || cast(NBHAB,string)",
         "type" : "VTL|MD" } } },
      "bindingDependencies" : 
      [ "VAR2A",
       "NBHAB" ],
      "options" : 
      [ 
       { "value" : "1",
        "label" : 
        { "value" : "OUI",
         "type" : "VTL|MD" } },
       
       { "value" : "2",
        "label" : 
        { "value" : "NON",
         "type" : "VTL|MD" } } ],
      "response" : 
      { "name" : "VAR2A" } },
     
     { "id" : "kyn413gz",
      "componentType" : "CheckboxOne",
      "mandatory" : false,
      "page" : "4",
      "label" : 
      { "value" : "\"➡ \" || \"VAR2B\"",
       "type" : "VTL|MD" },
      "conditionFilter" : 
      { "value" : "true",
       "type" : "VTL" },
      "controls" : 
      [ 
       { "id" : "kyn413gz-CI-0",
        "typeOfControl" : "CONSISTENCY",
        "criticality" : "WARN",
        "control" : 
        { "value" : "not((nvl($QCU1INDIV$,\" \")=\"1\") and (nvl($QCU2INDIV$,\" \")=\"1\"))",
         "type" : "VTL" },
        "errorMessage" : 
        { "value" : "\"Incohérence QCU1 et QCU2\"",
         "type" : "VTL|MD" } } ],
      "hierarchy" : 
      { "sequence" : 
       { "id" : "kyyaan0c",
        "page" : "4",
        "label" : 
        { "value" : "\"III - \" || \"S3 boucles sur sequence, nb collecté en S2 : \" || cast(NBHAB,string)",
         "type" : "VTL|MD" } } },
      "bindingDependencies" : 
      [ "VAR2B",
       "NBHAB" ],
      "options" : 
      [ 
       { "value" : "1",
        "label" : 
        { "value" : "OUI",
         "type" : "VTL|MD" } },
       
       { "value" : "2",
        "label" : 
        { "value" : "NON",
         "type" : "VTL|MD" } } ],
      "response" : 
      { "name" : "VAR2B" } } ] },
   
   { "id" : "kzy4dar6",
    "componentType" : "Loop",
    "page" : "5",
    "depth" : 1,
    "paginatedLoop" : false,
    "conditionFilter" : 
    { "value" : "true",
     "type" : "VTL" },
    "bindingDependencies" : 
    [ "NBHAB",
     "PRENOM" ],
    "loopDependencies" : 
    [ "NBHAB" ],
    "lines" : 
    { "min" : 
     { "value" : "cast(NBHAB,integer)",
      "type" : "VTL" },
     "max" : 
     { "value" : "cast(NBHAB,integer)",
      "type" : "VTL" } },
    "components" : 
    [ 
     { "id" : "kzwx8abm",
      "componentType" : "Sequence",
      "page" : "5",
      "label" : 
      { "value" : "\"IV - \" || \"S4 boucle principale, liste des prénoms, nbhab collecté en S2\"",
       "type" : "VTL|MD" },
      "conditionFilter" : 
      { "value" : "true",
       "type" : "VTL" },
      "hierarchy" : 
      { "sequence" : 
       { "id" : "kzwx8abm",
        "page" : "5",
        "label" : 
        { "value" : "\"IV - \" || \"S4 boucle principale, liste des prénoms, nbhab collecté en S2\"",
         "type" : "VTL|MD" } } },
      "bindingDependencies" : 
      [ "NBHAB" ] },
     
     { "id" : "kzwx6aen",
      "componentType" : "Input",
      "mandatory" : false,
      "page" : "5",
      "maxLength" : 249,
      "label" : 
      { "value" : "\"➡ \" || \"PRENOM\"",
       "type" : "VTL|MD" },
      "declarations" : 
      [ 
       { "id" : "kzwx6aen-kzwxanvp",
        "declarationType" : "HELP",
        "position" : "AFTER_QUESTION_TEXT",
        "label" : 
        { "value" : "Controle si QCU1INDIV vide",
         "type" : "VTL|MD" } } ],
      "conditionFilter" : 
      { "value" : "true",
       "type" : "VTL" },
      "hierarchy" : 
      { "sequence" : 
       { "id" : "kzwx8abm",
        "page" : "5",
        "label" : 
        { "value" : "\"IV - \" || \"S4 boucle principale, liste des prénoms, nbhab collecté en S2\"",
         "type" : "VTL|MD" } } },
      "bindingDependencies" : 
      [ "PRENOM",
       "NBHAB" ],
      "response" : 
      { "name" : "PRENOM" } } ] },
   
   { "id" : "kzy3ytne",
    "componentType" : "Loop",
    "page" : "6",
    "maxPage" : "3",
    "depth" : 1,
    "paginatedLoop" : true,
    "conditionFilter" : 
    { "value" : "true",
     "type" : "VTL" },
    "bindingDependencies" : 
    [ "PRENOM",
     "QS4A",
     "QS4B" ],
    "loopDependencies" : 
    [ "PRENOM" ],
    "components" : 
    [ 
     { "id" : "kzy3amqm",
      "componentType" : "Sequence",
      "page" : "6.1",
      "label" : 
      { "value" : "\"V - \" || \"S5 boucle liée aux prénoms ci dessus\"",
       "type" : "VTL|MD" },
      "conditionFilter" : 
      { "value" : "true",
       "type" : "VTL" },
      "hierarchy" : 
      { "sequence" : 
       { "id" : "kzy3amqm",
        "page" : "6.1",
        "label" : 
        { "value" : "\"V - \" || \"S5 boucle liée aux prénoms ci dessus\"",
         "type" : "VTL|MD" } } },
      "bindingDependencies" : 
      [ "PRENOM" ] },
     
     { "id" : "kyy9q3km",
      "componentType" : "Input",
      "mandatory" : false,
      "page" : "6.2",
      "maxLength" : 249,
      "label" : 
      { "value" : "\"➡ \" || \"Question pour individu \" || PRENOM",
       "type" : "VTL|MD" },
      "conditionFilter" : 
      { "value" : "true",
       "type" : "VTL" },
      "hierarchy" : 
      { "sequence" : 
       { "id" : "kzy3amqm",
        "page" : "6.1",
        "label" : 
        { "value" : "\"V - \" || \"S5 boucle liée aux prénoms ci dessus\"",
         "type" : "VTL|MD" } } },
      "bindingDependencies" : 
      [ "PRENOM",
       "QS4A" ],
      "response" : 
      { "name" : "QS4A" } },
     
     { "id" : "kyy9o84i",
      "componentType" : "Input",
      "mandatory" : false,
      "page" : "6.3",
      "maxLength" : 249,
      "label" : 
      { "value" : "\"➡ \" || \"Question 2 de individu \" || PRENOM",
       "type" : "VTL|MD" },
      "conditionFilter" : 
      { "value" : "true",
       "type" : "VTL" },
      "hierarchy" : 
      { "sequence" : 
       { "id" : "kzy3amqm",
        "page" : "6.1",
        "label" : 
        { "value" : "\"V - \" || \"S5 boucle liée aux prénoms ci dessus\"",
         "type" : "VTL|MD" } } },
      "bindingDependencies" : 
      [ "PRENOM",
       "QS4B" ],
      "response" : 
      { "name" : "QS4B" } } ],
    "iterations" : 
    { "value" : "count(PRENOM)",
     "type" : "VTL" } },
   
   { "id" : "kyy9rgp0",
    "componentType" : "Sequence",
    "page" : "7",
    "label" : 
    { "value" : "\"VI - \" || \"S6 tableau sera lié à boucle séquence\"",
     "type" : "VTL|MD" },
    "conditionFilter" : 
    { "value" : "true",
     "type" : "VTL" },
    "hierarchy" : 
    { "sequence" : 
     { "id" : "kyy9rgp0",
      "page" : "7",
      "label" : 
      { "value" : "\"VI - \" || \"S6 tableau sera lié à boucle séquence\"",
       "type" : "VTL|MD" } } } },
   
   { "id" : "kyyagqkx",
    "componentType" : "RosterForLoop",
    "mandatory" : false,
    "page" : "8",
    "positioning" : "HORIZONTAL",
    "label" : 
    { "value" : "\"➡ \" || \"Tableau avec 5 lignes max\"",
     "type" : "VTL|MD" },
    "conditionFilter" : 
    { "value" : "true",
     "type" : "VTL" },
    "hierarchy" : 
    { "sequence" : 
     { "id" : "kyy9rgp0",
      "page" : "7",
      "label" : 
      { "value" : "\"VI - \" || \"S6 tableau sera lié à boucle séquence\"",
       "type" : "VTL|MD" } } },
    "bindingDependencies" : 
    [ "TAB5MAX1" ],
    "lines" : 
    { "min" : 
     { "value" : "1",
      "type" : "VTL" },
     "max" : 
     { "value" : "5",
      "type" : "VTL" } },
    "header" : 
    [ 
     { "label" : 
      { "value" : "prenom",
       "type" : "VTL|MD" } } ],
    "components" : 
    [ 
     { "componentType" : "Input",
      "maxLength" : 249,
      "id" : "kyyagqkx-QOP-kyya43wm",
      "response" : 
      { "name" : "TAB5MAX1" },
      "bindingDependencies" : 
      [ "TAB5MAX1" ] } ] },
   
   { "id" : "kzy48xgr",
    "componentType" : "Loop",
    "page" : "10",
    "maxPage" : "4",
    "depth" : 1,
    "paginatedLoop" : true,
    "conditionFilter" : 
    { "value" : "true",
     "type" : "VTL" },
    "bindingDependencies" : 
    [ "TAB5MAX1",
     "QS6" ],
    "loopDependencies" : 
    [ "TAB5MAX1" ],
    "components" : 
    [ 
     { "id" : "kzy3v8vi",
      "componentType" : "Sequence",
      "page" : "10.1",
      "label" : 
      { "value" : "\"VII - \" || \"S7 sequence liée au tableau\"",
       "type" : "VTL|MD" },
      "conditionFilter" : 
      { "value" : "true",
       "type" : "VTL" },
      "hierarchy" : 
      { "sequence" : 
       { "id" : "kzy3v8vi",
        "page" : "10.1",
        "label" : 
        { "value" : "\"VII - \" || \"S7 sequence liée au tableau\"",
         "type" : "VTL|MD" } } },
      "bindingDependencies" : 
      [ "TAB5MAX1" ] },
     
     { "id" : "kyo2xe36",
      "componentType" : "Input",
      "mandatory" : false,
      "page" : "10.2",
      "maxLength" : 249,
      "label" : 
      { "value" : "\"➡ \" || \"Question \" || TAB5MAX1",
       "type" : "VTL|MD" },
      "conditionFilter" : 
      { "value" : "true",
       "type" : "VTL" },
      "hierarchy" : 
      { "sequence" : 
       { "id" : "kzy3v8vi",
        "page" : "10.1",
        "label" : 
        { "value" : "\"VII - \" || \"S7 sequence liée au tableau\"",
         "type" : "VTL|MD" } } },
      "bindingDependencies" : 
      [ "TAB5MAX1",
       "QS6" ],
      "response" : 
      { "name" : "QS6" } },
     
     { "id" : "COMMENT-SEQ",
      "componentType" : "Sequence",
      "page" : "10.3",
      "label" : 
      { "value" : "\"Commentaire\"",
       "type" : "VTL|MD" },
      "conditionFilter" : 
      { "value" : "true",
       "type" : "VTL" },
      "hierarchy" : 
      { "sequence" : 
       { "id" : "COMMENT-SEQ",
        "page" : "10.3",
        "label" : 
        { "value" : "\"Commentaire\"",
         "type" : "VTL|MD" } } } },
     
     { "id" : "COMMENT-QUESTION",
      "componentType" : "Textarea",
      "mandatory" : false,
      "page" : "10.4",
      "maxLength" : 2000,
      "label" : 
      { "value" : "\"Avez-vous des remarques concernant l'enquête ou des commentaires ?\"",
       "type" : "VTL|MD" },
      "conditionFilter" : 
      { "value" : "true",
       "type" : "VTL" },
      "hierarchy" : 
      { "sequence" : 
       { "id" : "COMMENT-SEQ",
        "page" : "10.3",
        "label" : 
        { "value" : "\"Commentaire\"",
         "type" : "VTL|MD" } } },
      "bindingDependencies" : 
      [ "COMMENT_QE" ],
      "response" : 
      { "name" : "COMMENT_QE" } } ],
    "iterations" : 
    { "value" : "count(TAB5MAX1)",
     "type" : "VTL" } } ],
  "variables" : 
  [ 
   { "variableType" : "COLLECTED",
    "name" : "COMMENT_QE",
    "values" : 
    { "PREVIOUS" : null,
     "COLLECTED" : null,
     "FORCED" : null,
     "EDITED" : null,
     "INPUTED" : null } },
   
   { "variableType" : "COLLECTED",
    "name" : "VAR1",
    "values" : 
    { "PREVIOUS" : 
     [ null ],
     "COLLECTED" : 
     [ null ],
     "FORCED" : 
     [ null ],
     "EDITED" : 
     [ null ],
     "INPUTED" : 
     [ null ] } },
   
   { "variableType" : "COLLECTED",
    "name" : "NBHAB",
    "values" : 
    { "PREVIOUS" : null,
     "COLLECTED" : null,
     "FORCED" : null,
     "EDITED" : null,
     "INPUTED" : null } },
   
   { "variableType" : "COLLECTED",
    "name" : "VAR2A",
    "values" : 
    { "PREVIOUS" : 
     [ null ],
     "COLLECTED" : 
     [ null ],
     "FORCED" : 
     [ null ],
     "EDITED" : 
     [ null ],
     "INPUTED" : 
     [ null ] } },
   
   { "variableType" : "COLLECTED",
    "name" : "VAR2B",
    "values" : 
    { "PREVIOUS" : 
     [ null ],
     "COLLECTED" : 
     [ null ],
     "FORCED" : 
     [ null ],
     "EDITED" : 
     [ null ],
     "INPUTED" : 
     [ null ] } },
   
   { "variableType" : "COLLECTED",
    "name" : "PRENOM",
    "values" : 
    { "PREVIOUS" : 
     [ null ],
     "COLLECTED" : 
     [ null ],
     "FORCED" : 
     [ null ],
     "EDITED" : 
     [ null ],
     "INPUTED" : 
     [ null ] } },
   
   { "variableType" : "COLLECTED",
    "name" : "QS4A",
    "values" : 
    { "PREVIOUS" : 
     [ null ],
     "COLLECTED" : 
     [ null ],
     "FORCED" : 
     [ null ],
     "EDITED" : 
     [ null ],
     "INPUTED" : 
     [ null ] } },
   
   { "variableType" : "COLLECTED",
    "name" : "QS4B",
    "values" : 
    { "PREVIOUS" : 
     [ null ],
     "COLLECTED" : 
     [ null ],
     "FORCED" : 
     [ null ],
     "EDITED" : 
     [ null ],
     "INPUTED" : 
     [ null ] } },
   
   { "variableType" : "COLLECTED",
    "name" : "TAB5MAX1",
    "values" : 
    { "PREVIOUS" : 
     [ null ],
     "COLLECTED" : 
     [ null ],
     "FORCED" : 
     [ null ],
     "EDITED" : 
     [ null ],
     "INPUTED" : 
     [ null ] } },
   
   { "variableType" : "COLLECTED",
    "name" : "QS6",
    "values" : 
    { "PREVIOUS" : 
     [ null ],
     "COLLECTED" : 
     [ null ],
     "FORCED" : 
     [ null ],
     "EDITED" : 
     [ null ],
     "INPUTED" : 
     [ null ] } },
   
   { "variableType" : "CALCULATED",
    "name" : "FILTER_RESULT_VAR1",
    "expression" : 
    { "value" : "true",
     "type" : "VTL" },
    "shapeFrom" : "VAR1",
    "inFilter" : "false" },
   
   { "variableType" : "CALCULATED",
    "name" : "FILTER_RESULT_NBHAB",
    "expression" : 
    { "value" : "true",
     "type" : "VTL" },
    "inFilter" : "false" },
   
   { "variableType" : "CALCULATED",
    "name" : "FILTER_RESULT_VAR2A",
    "expression" : 
    { "value" : "true",
     "type" : "VTL" },
    "shapeFrom" : "VAR2A",
    "inFilter" : "false" },
   
   { "variableType" : "CALCULATED",
    "name" : "FILTER_RESULT_VAR2B",
    "expression" : 
    { "value" : "true",
     "type" : "VTL" },
    "shapeFrom" : "VAR2A",
    "inFilter" : "false" },
   
   { "variableType" : "CALCULATED",
    "name" : "FILTER_RESULT_PRENOM",
    "expression" : 
    { "value" : "true",
     "type" : "VTL" },
    "shapeFrom" : "PRENOM",
    "inFilter" : "false" },
   
   { "variableType" : "CALCULATED",
    "name" : "FILTER_RESULT_QS4A",
    "expression" : 
    { "value" : "true",
     "type" : "VTL" },
    "shapeFrom" : "QS4A",
    "inFilter" : "false" },
   
   { "variableType" : "CALCULATED",
    "name" : "FILTER_RESULT_QS4B",
    "expression" : 
    { "value" : "true",
     "type" : "VTL" },
    "shapeFrom" : "QS4A",
    "inFilter" : "false" },
   
   { "variableType" : "CALCULATED",
    "name" : "FILTER_RESULT_TAB5MAX",
    "expression" : 
    { "value" : "true",
     "type" : "VTL" },
    "inFilter" : "false" },
   
   { "variableType" : "CALCULATED",
    "name" : "FILTER_RESULT_QS6",
    "expression" : 
    { "value" : "true",
     "type" : "VTL" },
    "shapeFrom" : "QS6",
    "inFilter" : "false" } ],
  "cleaning" : 
  {  },
  "resizing" : 
  { "NBHAB" : 
   { "size" : "cast(NBHAB,integer)",
    "variables" : 
    [ "VAR2A",
     "VAR2B",
     "PRENOM",
     "QS4A",
     "QS4B" ] },
   "TAB5MAX1" : 
   { "size" : "count(TAB5MAX1)",
    "variables" : 
    [ "QS6",
     "COMMENT_QE" ] } } }