
 { "id" : "lciyojcw",
  "modele" : "TESTANNE",
  "enoCoreVersion" : "2.4.0",
  "lunaticModelVersion" : "2.3.1",
  "generatingDate" : "09-01-2023 13:33:22",
  "missing" : false,
  "pagination" : "question",
  "maxPage" : "4",
  "label" : 
  { "value" : "QNONREG - boucle sur des séquences - ko aujourd'hui",
   "type" : "VTL|MD" },
  "components" : 
  [ 
   { "id" : "kwupyhsh",
    "componentType" : "Sequence",
    "page" : "1",
    "label" : 
    { "value" : "\"I - \" || \"S1 -boucle N occurrences, N collecté en premier, type logement mais avec sequences\"",
     "type" : "VTL|MD" },
    "conditionFilter" : 
    { "value" : "true",
     "type" : "VTL" },
    "hierarchy" : 
    { "sequence" : 
     { "id" : "kwupyhsh",
      "page" : "1",
      "label" : 
      { "value" : "\"I - \" || \"S1 -boucle N occurrences, N collecté en premier, type logement mais avec sequences\"",
       "type" : "VTL|MD" } } } },
   
   { "id" : "kwupqy19",
    "componentType" : "InputNumber",
    "mandatory" : false,
    "page" : "2",
    "min" : 0,
    "max" : 100,
    "decimals" : 0,
    "label" : 
    { "value" : "\"➡ \" || \"NB\"",
     "type" : "VTL|MD" },
    "declarations" : 
    [ 
     { "id" : "kwupqy19-kx09g78a",
      "declarationType" : "HELP",
      "position" : "AFTER_QUESTION_TEXT",
      "label" : 
      { "value" : "\"affiche nb = (on vérifie que cast string ok) :\" || cast(NB,string)",
       "type" : "VTL|MD" } } ],
    "conditionFilter" : 
    { "value" : "true",
     "type" : "VTL" },
    "controls" : 
    [ 
     { "id" : "kwupqy19-format-borne-inf-sup",
      "typeOfControl" : "FORMAT",
      "criticality" : "ERROR",
      "control" : 
      { "value" : "not(not(isnull(NB)) and (0>NB or 100<NB))",
       "type" : "VTL" },
      "errorMessage" : 
      { "value" : "\" La valeur doit être comprise entre 0 et 100.\"",
       "type" : "VTL|MD" } },
     
     { "id" : "kwupqy19-format-decimal",
      "typeOfControl" : "FORMAT",
      "criticality" : "ERROR",
      "control" : 
      { "value" : "not(not(isnull(NB))  and round(NB,0)<>NB)",
       "type" : "VTL" },
      "errorMessage" : 
      { "value" : "\"Le nombre doit comporter au maximum 0 chiffre(s) après la virgule.\"",
       "type" : "VTL|MD" } } ],
    "hierarchy" : 
    { "sequence" : 
     { "id" : "kwupyhsh",
      "page" : "1",
      "label" : 
      { "value" : "\"I - \" || \"S1 -boucle N occurrences, N collecté en premier, type logement mais avec sequences\"",
       "type" : "VTL|MD" } } },
    "bindingDependencies" : 
    [ "NB" ],
    "response" : 
    { "name" : "NB" } },
   
   { "id" : "l7pv0z7b",
    "componentType" : "Loop",
    "page" : "3",
    "depth" : 1,
    "paginatedLoop" : false,
    "conditionFilter" : 
    { "value" : "true",
     "type" : "VTL" },
    "hierarchy" : 
    { "sequence" : 
     { "id" : "kwupyhsh",
      "page" : "1",
      "label" : 
      { "value" : "\"I - \" || \"S1 -boucle N occurrences, N collecté en premier, type logement mais avec sequences\"",
       "type" : "VTL|MD" } } },
    "bindingDependencies" : 
    [ "NB",
     "PRENOM" ],
    "loopDependencies" : 
    [ "NB" ],
    "lines" : 
    { "min" : 
     { "value" : "nvl(NB,1)",
      "type" : "VTL" },
     "max" : 
     { "value" : "nvl(NB,1)",
      "type" : "VTL" } },
    "components" : 
    [ 
     { "id" : "kx061cac",
      "componentType" : "Subsequence",
      "page" : "3",
      "goToPage" : "3",
      "label" : 
      { "value" : "SS1",
       "type" : "VTL|MD" },
      "conditionFilter" : 
      { "value" : "true",
       "type" : "VTL" },
      "hierarchy" : 
      { "sequence" : 
       { "id" : "kwupyhsh",
        "page" : "1",
        "label" : 
        { "value" : "\"I - \" || \"S1 -boucle N occurrences, N collecté en premier, type logement mais avec sequences\"",
         "type" : "VTL|MD" } },
       "subSequence" : 
       { "id" : "kx061cac",
        "page" : "3",
        "label" : 
        { "value" : "SS1",
         "type" : "VTL|MD" } } },
      "bindingDependencies" : 
      [ "NB" ] },
     
     { "id" : "kwupruv2",
      "componentType" : "Input",
      "mandatory" : false,
      "page" : "3",
      "maxLength" : 249,
      "label" : 
      { "value" : "\"➡ \" || \"PRENOM\"",
       "type" : "VTL|MD" },
      "conditionFilter" : 
      { "value" : "true",
       "type" : "VTL" },
      "hierarchy" : 
      { "sequence" : 
       { "id" : "kwupyhsh",
        "page" : "1",
        "label" : 
        { "value" : "\"I - \" || \"S1 -boucle N occurrences, N collecté en premier, type logement mais avec sequences\"",
         "type" : "VTL|MD" } },
       "subSequence" : 
       { "id" : "kx061cac",
        "page" : "3",
        "label" : 
        { "value" : "SS1",
         "type" : "VTL|MD" } } },
      "bindingDependencies" : 
      [ "PRENOM",
       "NB" ],
      "response" : 
      { "name" : "PRENOM" } } ] },
   
   { "id" : "l7puvvpz",
    "componentType" : "Loop",
    "page" : "4",
    "maxPage" : "6",
    "depth" : 1,
    "paginatedLoop" : true,
    "conditionFilter" : 
    { "value" : "true",
     "type" : "VTL" },
    "bindingDependencies" : 
    [ "PRENOM",
     "AGE",
     "TAILLEPREN" ],
    "loopDependencies" : 
    [ "PRENOM" ],
    "components" : 
    [ 
     { "id" : "kx06a9lq",
      "componentType" : "Sequence",
      "page" : "4.1",
      "label" : 
      { "value" : "\"II - \" || \"S2 - boucle sequence\"",
       "type" : "VTL|MD" },
      "conditionFilter" : 
      { "value" : "true",
       "type" : "VTL" },
      "hierarchy" : 
      { "sequence" : 
       { "id" : "kx06a9lq",
        "page" : "4.1",
        "label" : 
        { "value" : "\"II - \" || \"S2 - boucle sequence\"",
         "type" : "VTL|MD" } } },
      "bindingDependencies" : 
      [ "PRENOM" ] },
     
     { "id" : "kx09u145",
      "componentType" : "Subsequence",
      "goToPage" : "4.2",
      "label" : 
      { "value" : "SS2",
       "type" : "VTL|MD" },
      "conditionFilter" : 
      { "value" : "true",
       "type" : "VTL" },
      "hierarchy" : 
      { "sequence" : 
       { "id" : "kx06a9lq",
        "page" : "4.1",
        "label" : 
        { "value" : "\"II - \" || \"S2 - boucle sequence\"",
         "type" : "VTL|MD" } },
       "subSequence" : 
       { "id" : "kx09u145",
        "page" : "4.2",
        "label" : 
        { "value" : "SS2",
         "type" : "VTL|MD" } } },
      "bindingDependencies" : 
      [ "PRENOM" ] },
     
     { "id" : "kx05rmm0",
      "componentType" : "InputNumber",
      "mandatory" : false,
      "page" : "4.2",
      "min" : 0,
      "max" : 99,
      "decimals" : 0,
      "label" : 
      { "value" : "\"➡ \" || \"AGE de \" || cast(PRENOM,string)",
       "type" : "VTL|MD" },
      "conditionFilter" : 
      { "value" : "true",
       "type" : "VTL" },
      "controls" : 
      [ 
       { "id" : "kx05rmm0-format-borne-inf-sup",
        "typeOfControl" : "FORMAT",
        "criticality" : "ERROR",
        "control" : 
        { "value" : "not(not(isnull(AGE)) and (0>AGE or 99<AGE))",
         "type" : "VTL" },
        "errorMessage" : 
        { "value" : "\" La valeur doit être comprise entre 0 et 99.\"",
         "type" : "VTL|MD" } },
       
       { "id" : "kx05rmm0-format-decimal",
        "typeOfControl" : "FORMAT",
        "criticality" : "ERROR",
        "control" : 
        { "value" : "not(not(isnull(AGE))  and round(AGE,0)<>AGE)",
         "type" : "VTL" },
        "errorMessage" : 
        { "value" : "\"Le nombre doit comporter au maximum 0 chiffre(s) après la virgule.\"",
         "type" : "VTL|MD" } },
       
       { "id" : "kx05rmm0-CI-0",
        "typeOfControl" : "CONSISTENCY",
        "criticality" : "WARN",
        "control" : 
        { "value" : "not(isnull(AGE))",
         "type" : "VTL" },
        "errorMessage" : 
        { "value" : "\"Age est vide\"",
         "type" : "VTL|MD" },
        "bindingDependencies" : 
        [ "AGE" ] } ],
      "hierarchy" : 
      { "sequence" : 
       { "id" : "kx06a9lq",
        "page" : "4.1",
        "label" : 
        { "value" : "\"II - \" || \"S2 - boucle sequence\"",
         "type" : "VTL|MD" } },
       "subSequence" : 
       { "id" : "kx09u145",
        "page" : "4.2",
        "label" : 
        { "value" : "SS2",
         "type" : "VTL|MD" } } },
      "bindingDependencies" : 
      [ "PRENOM",
       "AGE" ],
      "response" : 
      { "name" : "AGE" } },
     
     { "id" : "lciz3v05",
      "componentType" : "Sequence",
      "page" : "4.3",
      "label" : 
      { "value" : "\"III - \" || \"S3 - boucle séquence\"",
       "type" : "VTL|MD" },
      "conditionFilter" : 
      { "value" : "true",
       "type" : "VTL" },
      "hierarchy" : 
      { "sequence" : 
       { "id" : "lciz3v05",
        "page" : "4.3",
        "label" : 
        { "value" : "\"III - \" || \"S3 - boucle séquence\"",
         "type" : "VTL|MD" } } },
      "bindingDependencies" : 
      [ "PRENOM" ] },
     
     { "id" : "lciz3jew",
      "componentType" : "Input",
      "mandatory" : false,
      "page" : "4.4",
      "maxLength" : 249,
      "label" : 
      { "value" : "\"➡ \" || \"Taille \" || PRENOM",
       "type" : "VTL|MD" },
      "conditionFilter" : 
      { "value" : "true",
       "type" : "VTL" },
      "hierarchy" : 
      { "sequence" : 
       { "id" : "lciz3v05",
        "page" : "4.3",
        "label" : 
        { "value" : "\"III - \" || \"S3 - boucle séquence\"",
         "type" : "VTL|MD" } } },
      "bindingDependencies" : 
      [ "PRENOM",
       "TAILLEPREN" ],
      "response" : 
      { "name" : "TAILLEPREN" } },
     
     { "id" : "COMMENT-SEQ",
      "componentType" : "Sequence",
      "page" : "4.5",
      "label" : 
      { "value" : "\"Commentaire\"",
       "type" : "VTL|MD" },
      "conditionFilter" : 
      { "value" : "true",
       "type" : "VTL" },
      "hierarchy" : 
      { "sequence" : 
       { "id" : "COMMENT-SEQ",
        "page" : "4.5",
        "label" : 
        { "value" : "\"Commentaire\"",
         "type" : "VTL|MD" } } } },
     
     { "id" : "COMMENT-QUESTION",
      "componentType" : "Textarea",
      "mandatory" : false,
      "page" : "4.6",
      "maxLength" : 2000,
      "label" : 
      { "value" : "\"Avez-vous des remarques concernant l'enquête ou des commentaires ?\"",
       "type" : "VTL|MD" },
      "conditionFilter" : 
      { "value" : "true",
       "type" : "VTL" },
      "hierarchy" : 
      { "sequence" : 
       { "id" : "COMMENT-SEQ",
        "page" : "4.5",
        "label" : 
        { "value" : "\"Commentaire\"",
         "type" : "VTL|MD" } } },
      "bindingDependencies" : 
      [ "COMMENT_QE" ],
      "response" : 
      { "name" : "COMMENT_QE" } } ],
    "iterations" : 
    { "value" : "count(PRENOM)",
     "type" : "VTL" } } ],
  "variables" : 
  [ 
   { "variableType" : "COLLECTED",
    "name" : "COMMENT_QE",
    "values" : 
    { "PREVIOUS" : null,
     "COLLECTED" : null,
     "FORCED" : null,
     "EDITED" : null,
     "INPUTED" : null } },
   
   { "variableType" : "COLLECTED",
    "name" : "NB",
    "values" : 
    { "PREVIOUS" : null,
     "COLLECTED" : null,
     "FORCED" : null,
     "EDITED" : null,
     "INPUTED" : null } },
   
   { "variableType" : "COLLECTED",
    "name" : "PRENOM",
    "values" : 
    { "PREVIOUS" : 
     [ null ],
     "COLLECTED" : 
     [ null ],
     "FORCED" : 
     [ null ],
     "EDITED" : 
     [ null ],
     "INPUTED" : 
     [ null ] } },
   
   { "variableType" : "COLLECTED",
    "name" : "AGE",
    "values" : 
    { "PREVIOUS" : 
     [ null ],
     "COLLECTED" : 
     [ null ],
     "FORCED" : 
     [ null ],
     "EDITED" : 
     [ null ],
     "INPUTED" : 
     [ null ] } },
   
   { "variableType" : "COLLECTED",
    "name" : "TAILLEPREN",
    "values" : 
    { "PREVIOUS" : 
     [ null ],
     "COLLECTED" : 
     [ null ],
     "FORCED" : 
     [ null ],
     "EDITED" : 
     [ null ],
     "INPUTED" : 
     [ null ] } },
   
   { "variableType" : "CALCULATED",
    "name" : "FILTER_RESULT_NB",
    "expression" : 
    { "value" : "true",
     "type" : "VTL" },
    "inFilter" : "false" },
   
   { "variableType" : "CALCULATED",
    "name" : "FILTER_RESULT_PRENOM",
    "expression" : 
    { "value" : "true",
     "type" : "VTL" },
    "shapeFrom" : "PRENOM",
    "inFilter" : "false" },
   
   { "variableType" : "CALCULATED",
    "name" : "FILTER_RESULT_AGE",
    "expression" : 
    { "value" : "true",
     "type" : "VTL" },
    "shapeFrom" : "AGE",
    "inFilter" : "false" },
   
   { "variableType" : "CALCULATED",
    "name" : "FILTER_RESULT_TAILLEPREN",
    "expression" : 
    { "value" : "true",
     "type" : "VTL" },
    "shapeFrom" : "AGE",
    "inFilter" : "false" } ],
  "cleaning" : 
  {  },
  "resizing" : 
  { "NB" : 
   { "size" : "nvl(NB,1)",
    "variables" : 
    [ "PRENOM",
     "AGE",
     "TAILLEPREN",
     "COMMENT_QE" ] } } }