
 { "id" : "l10xmg2l",
  "modele" : "DOCSIMPLE",
  "enoCoreVersion" : "2.3.8",
  "lunaticModelVersion" : "2.2.10",
  "generatingDate" : "11-07-2022 14:16:33",
  "missing" : false,
  "pagination" : "question",
  "maxPage" : "21",
  "label" : "Questionnaires simple - réponses simples",
  "components" : 
  [ 
   { "id" : "jfaz9kv9",
    "componentType" : "Sequence",
    "page" : "1",
    "label" : "\"I - \" || \"Questions ouvertes - Titre de la séquence\"",
    "declarations" : 
    [ 
     { "id" : "jfaz9kv9-jfazqgv2",
      "declarationType" : "INSTRUCTION",
      "position" : "AFTER_QUESTION_TEXT",
      "label" : "Cette séquence comprend les questions ouvertes (ceci est une déclaration de type consigne, associée au titre de séquence)." } ],
    "conditionFilter" : 
    { "value" : "true" },
    "hierarchy" : 
    { "sequence" : 
     { "id" : "jfaz9kv9",
      "page" : "1",
      "label" : "\"I - \" || \"Questions ouvertes - Titre de la séquence\"" } } },
   
   { "id" : "jfazmcp8",
    "componentType" : "Subsequence",
    "page" : "2",
    "goToPage" : "2",
    "label" : "Introduction - Titre de la sous-séquence",
    "declarations" : 
    [ 
     { "id" : "jfazmcp8-kk47fewm",
      "declarationType" : "INSTRUCTION",
      "position" : "AFTER_QUESTION_TEXT",
      "label" : "Ceci est une déclaration de type consigne, associée au titre de sous-séquence." } ],
    "conditionFilter" : 
    { "value" : "true" },
    "hierarchy" : 
    { "sequence" : 
     { "id" : "jfaz9kv9",
      "page" : "1",
      "label" : "\"I - \" || \"Questions ouvertes - Titre de la séquence\"" },
     "subSequence" : 
     { "id" : "jfazmcp8",
      "page" : "2",
      "label" : "Introduction - Titre de la sous-séquence" } } },
   
   { "id" : "jfazk91m",
    "componentType" : "CheckboxBoolean",
    "mandatory" : false,
    "page" : "3",
    "label" : "\"➡ \" || \"Je suis un booleen\"",
    "conditionFilter" : 
    { "value" : "true" },
    "hierarchy" : 
    { "sequence" : 
     { "id" : "jfaz9kv9",
      "page" : "1",
      "label" : "\"I - \" || \"Questions ouvertes - Titre de la séquence\"" },
     "subSequence" : 
     { "id" : "jfazmcp8",
      "page" : "2",
      "label" : "Introduction - Titre de la sous-séquence" } },
    "bindingDependencies" : 
    [ "COCHECASE" ],
    "response" : 
    { "name" : "COCHECASE" } },
   
   { "id" : "l3lan1ox",
    "componentType" : "CheckboxBoolean",
    "mandatory" : false,
    "page" : "4",
    "label" : "\"➡ \" || \"Vous avez activé le filtre : êtes-vous satisfait ?\"",
    "conditionFilter" : 
    { "value" : "(BOOLEN = '1')",
     "bindingDependencies" : 
     [ "BOOLEN" ] },
    "hierarchy" : 
    { "sequence" : 
     { "id" : "jfaz9kv9",
      "page" : "1",
      "label" : "\"I - \" || \"Questions ouvertes - Titre de la séquence\"" },
     "subSequence" : 
     { "id" : "jfazmcp8",
      "page" : "2",
      "label" : "Introduction - Titre de la sous-séquence" } },
    "bindingDependencies" : 
    [ "FILTRE" ],
    "response" : 
    { "name" : "FILTRE" } },
   
   { "id" : "jfazsitt",
    "componentType" : "Subsequence",
    "goToPage" : "5",
    "label" : "Questions de type Texte",
    "conditionFilter" : 
    { "value" : "true" },
    "hierarchy" : 
    { "sequence" : 
     { "id" : "jfaz9kv9",
      "page" : "1",
      "label" : "\"I - \" || \"Questions ouvertes - Titre de la séquence\"" },
     "subSequence" : 
     { "id" : "jfazsitt",
      "page" : "5",
      "label" : "Questions de type Texte" } } },
   
   { "id" : "jfazww20",
    "componentType" : "Input",
    "mandatory" : false,
    "page" : "5",
    "maxLength" : 10,
    "label" : "\"➡ \" || \"Je suis le libellé de la question de type texte de longueur inférieure à 250 caractères (10 ici)\"",
    "conditionFilter" : 
    { "value" : "true" },
    "hierarchy" : 
    { "sequence" : 
     { "id" : "jfaz9kv9",
      "page" : "1",
      "label" : "\"I - \" || \"Questions ouvertes - Titre de la séquence\"" },
     "subSequence" : 
     { "id" : "jfazsitt",
      "page" : "5",
      "label" : "Questions de type Texte" } },
    "bindingDependencies" : 
    [ "TEXTECOURT" ],
    "response" : 
    { "name" : "TEXTECOURT" } },
   
   { "id" : "jfazwjyv",
    "componentType" : "Input",
    "mandatory" : false,
    "page" : "6",
    "maxLength" : 249,
    "label" : "\"➡ \" || \" Je suis le libellé de la question de type texte de longueur 249 \"",
    "conditionFilter" : 
    { "value" : "true" },
    "hierarchy" : 
    { "sequence" : 
     { "id" : "jfaz9kv9",
      "page" : "1",
      "label" : "\"I - \" || \"Questions ouvertes - Titre de la séquence\"" },
     "subSequence" : 
     { "id" : "jfazsitt",
      "page" : "5",
      "label" : "Questions de type Texte" } },
    "bindingDependencies" : 
    [ "TEXTELONG249" ],
    "response" : 
    { "name" : "TEXTELONG249" } },
   
   { "id" : "kzwqst6c",
    "componentType" : "Textarea",
    "mandatory" : false,
    "page" : "7",
    "maxLength" : 250,
    "label" : "\"➡ \" || \" Je suis le libellé de la question de type texte de longueur supérieure à 250 caractères ici 250\"",
    "conditionFilter" : 
    { "value" : "true" },
    "hierarchy" : 
    { "sequence" : 
     { "id" : "jfaz9kv9",
      "page" : "1",
      "label" : "\"I - \" || \"Questions ouvertes - Titre de la séquence\"" },
     "subSequence" : 
     { "id" : "jfazsitt",
      "page" : "5",
      "label" : "Questions de type Texte" } },
    "bindingDependencies" : 
    [ "TEXTELONG250" ],
    "response" : 
    { "name" : "TEXTELONG250" } },
   
   { "id" : "kk2fsjst",
    "componentType" : "Input",
    "mandatory" : false,
    "page" : "8",
    "maxLength" : 20,
    "label" : "\"➡ \" || \"Quel est votre numéro préféré (sur 20 caractères) ?\"",
    "conditionFilter" : 
    { "value" : "true" },
    "hierarchy" : 
    { "sequence" : 
     { "id" : "jfaz9kv9",
      "page" : "1",
      "label" : "\"I - \" || \"Questions ouvertes - Titre de la séquence\"" },
     "subSequence" : 
     { "id" : "jfazsitt",
      "page" : "5",
      "label" : "Questions de type Texte" } },
    "bindingDependencies" : 
    [ "NUMPREF" ],
    "response" : 
    { "name" : "NUMPREF" } },
   
   { "id" : "jfjhggkx",
    "componentType" : "Subsequence",
    "goToPage" : "9",
    "label" : "Numériques",
    "conditionFilter" : 
    { "value" : "true" },
    "hierarchy" : 
    { "sequence" : 
     { "id" : "jfaz9kv9",
      "page" : "1",
      "label" : "\"I - \" || \"Questions ouvertes - Titre de la séquence\"" },
     "subSequence" : 
     { "id" : "jfjhggkx",
      "page" : "9",
      "label" : "Numériques" } } },
   
   { "id" : "jfjh1ndk",
    "componentType" : "InputNumber",
    "mandatory" : false,
    "page" : "9",
    "min" : 10,
    "max" : 100,
    "decimals" : 0,
    "label" : "\"➡ \" || \"Nombre entier sans unité, entre 10 et 100.\"",
    "declarations" : 
    [ 
     { "id" : "jfjh1ndk-kyisnj3g",
      "declarationType" : "HELP",
      "position" : "AFTER_QUESTION_TEXT",
      "label" : "Controle si > 50" } ],
    "conditionFilter" : 
    { "value" : "true" },
    "controls" : 
    [ 
     { "id" : "jfjh1ndk-CI-0",
      "criticality" : "WARN",
      "control" : "not(cast(INTEGER,integer) > 50)",
      "errorMessage" : "Bizarre que > 50",
      "bindingDependencies" : 
      [ "INTEGER" ] } ],
    "hierarchy" : 
    { "sequence" : 
     { "id" : "jfaz9kv9",
      "page" : "1",
      "label" : "\"I - \" || \"Questions ouvertes - Titre de la séquence\"" },
     "subSequence" : 
     { "id" : "jfjhggkx",
      "page" : "9",
      "label" : "Numériques" } },
    "bindingDependencies" : 
    [ "INTEGER" ],
    "response" : 
    { "name" : "INTEGER" } },
   
   { "id" : "jfjhb2pz",
    "componentType" : "InputNumber",
    "mandatory" : false,
    "page" : "10",
    "min" : 10,
    "max" : 100,
    "decimals" : 2,
    "label" : "\"➡ \" || \"Numérique décimal sans unité, entre 10 et 100\"",
    "conditionFilter" : 
    { "value" : "true" },
    "hierarchy" : 
    { "sequence" : 
     { "id" : "jfaz9kv9",
      "page" : "1",
      "label" : "\"I - \" || \"Questions ouvertes - Titre de la séquence\"" },
     "subSequence" : 
     { "id" : "jfjhggkx",
      "page" : "9",
      "label" : "Numériques" } },
    "bindingDependencies" : 
    [ "FLOAT" ],
    "response" : 
    { "name" : "FLOAT" } },
   
   { "id" : "jfjtbqh1",
    "componentType" : "InputNumber",
    "mandatory" : false,
    "page" : "11",
    "min" : 0,
    "max" : 10,
    "decimals" : 0,
    "label" : "\"➡ \" || \"Nombre avec unité, entre 0 et 10\"",
    "conditionFilter" : 
    { "value" : "true" },
    "hierarchy" : 
    { "sequence" : 
     { "id" : "jfaz9kv9",
      "page" : "1",
      "label" : "\"I - \" || \"Questions ouvertes - Titre de la séquence\"" },
     "subSequence" : 
     { "id" : "jfjhggkx",
      "page" : "9",
      "label" : "Numériques" } },
    "bindingDependencies" : 
    [ "unit" ],
    "unit" : "k€",
    "response" : 
    { "name" : "unit" } },
   
   { "id" : "kyiseu7q",
    "componentType" : "InputNumber",
    "mandatory" : false,
    "page" : "12",
    "min" : 0,
    "max" : 10,
    "decimals" : 2,
    "label" : "\"➡ \" || \"Nombre avec unité, avec décimal, entre 0 et 10. Controle avec variable précédente\"",
    "conditionFilter" : 
    { "value" : "true" },
    "hierarchy" : 
    { "sequence" : 
     { "id" : "jfaz9kv9",
      "page" : "1",
      "label" : "\"I - \" || \"Questions ouvertes - Titre de la séquence\"" },
     "subSequence" : 
     { "id" : "jfjhggkx",
      "page" : "9",
      "label" : "Numériques" } },
    "bindingDependencies" : 
    [ "UNITD" ],
    "unit" : "k€",
    "response" : 
    { "name" : "UNITD" } },
   
   { "id" : "jfjeuskc",
    "componentType" : "Subsequence",
    "goToPage" : "13",
    "label" : "Autres formats de réponse",
    "conditionFilter" : 
    { "value" : "true" },
    "hierarchy" : 
    { "sequence" : 
     { "id" : "jfaz9kv9",
      "page" : "1",
      "label" : "\"I - \" || \"Questions ouvertes - Titre de la séquence\"" },
     "subSequence" : 
     { "id" : "jfjeuskc",
      "page" : "13",
      "label" : "Autres formats de réponse" } } },
   
   { "id" : "jfjfckyw",
    "componentType" : "Datepicker",
    "mandatory" : false,
    "page" : "13",
    "min" : "1980-01-01",
    "max" : "2022-01-01",
    "label" : "\"➡ \" || \"Date AAAAMMJJ entre 1980 01 01 et 2022 01 01\"",
    "conditionFilter" : 
    { "value" : "true" },
    "hierarchy" : 
    { "sequence" : 
     { "id" : "jfaz9kv9",
      "page" : "1",
      "label" : "\"I - \" || \"Questions ouvertes - Titre de la séquence\"" },
     "subSequence" : 
     { "id" : "jfjeuskc",
      "page" : "13",
      "label" : "Autres formats de réponse" } },
    "bindingDependencies" : 
    [ "DATE" ],
    "dateFormat" : "YYYY-MM-DD",
    "response" : 
    { "name" : "DATE" } },
   
   { "id" : "kvl6bpxb",
    "componentType" : "Datepicker",
    "mandatory" : false,
    "page" : "14",
    "min" : "1900",
    "max" : "2022",
    "label" : "\"➡ \" || \"Date AAAA entre 1900 et 2022 (n’existe pas en Lunatic)\"",
    "conditionFilter" : 
    { "value" : "true" },
    "hierarchy" : 
    { "sequence" : 
     { "id" : "jfaz9kv9",
      "page" : "1",
      "label" : "\"I - \" || \"Questions ouvertes - Titre de la séquence\"" },
     "subSequence" : 
     { "id" : "jfjeuskc",
      "page" : "13",
      "label" : "Autres formats de réponse" } },
    "bindingDependencies" : 
    [ "DAAAA" ],
    "dateFormat" : "YYYY",
    "response" : 
    { "name" : "DAAAA" } },
   
   { "id" : "jfjeud07",
    "componentType" : "CheckboxBoolean",
    "mandatory" : false,
    "page" : "15",
    "label" : "\"➡ \" || \"Booléen\"",
    "conditionFilter" : 
    { "value" : "true" },
    "hierarchy" : 
    { "sequence" : 
     { "id" : "jfaz9kv9",
      "page" : "1",
      "label" : "\"I - \" || \"Questions ouvertes - Titre de la séquence\"" },
     "subSequence" : 
     { "id" : "jfjeuskc",
      "page" : "13",
      "label" : "Autres formats de réponse" } },
    "bindingDependencies" : 
    [ "BOOLEN" ],
    "response" : 
    { "name" : "BOOLEN" } },
   
   { "id" : "jfjew4oy",
    "componentType" : "Sequence",
    "page" : "16",
    "label" : "\"II - \" || \"Questions à choix unique et questions à choix multiple\"",
    "conditionFilter" : 
    { "value" : "true" },
    "hierarchy" : 
    { "sequence" : 
     { "id" : "jfjew4oy",
      "page" : "16",
      "label" : "\"II - \" || \"Questions à choix unique et questions à choix multiple\"" } } },
   
   { "id" : "jfkxouu8",
    "componentType" : "Subsequence",
    "goToPage" : "17",
    "label" : "Questions à choix unique",
    "conditionFilter" : 
    { "value" : "true" },
    "hierarchy" : 
    { "sequence" : 
     { "id" : "jfjew4oy",
      "page" : "16",
      "label" : "\"II - \" || \"Questions à choix unique et questions à choix multiple\"" },
     "subSequence" : 
     { "id" : "jfkxouu8",
      "page" : "17",
      "label" : "Questions à choix unique" } } },
   
   { "id" : "jfjepz6i",
    "componentType" : "Radio",
    "mandatory" : false,
    "page" : "17",
    "label" : "\"➡ \" || \"Question à choix unique - présentation bouton radio\"",
    "conditionFilter" : 
    { "value" : "true" },
    "hierarchy" : 
    { "sequence" : 
     { "id" : "jfjew4oy",
      "page" : "16",
      "label" : "\"II - \" || \"Questions à choix unique et questions à choix multiple\"" },
     "subSequence" : 
     { "id" : "jfkxouu8",
      "page" : "17",
      "label" : "Questions à choix unique" } },
    "bindingDependencies" : 
    [ "radio" ],
    "options" : 
    [ 
     { "value" : "1",
      "label" : "code1" },
     
     { "value" : "2",
      "label" : "code2" },
     
     { "value" : "3",
      "label" : "code3" },
     
     { "value" : "4",
      "label" : "code4" },
     
     { "value" : "5",
      "label" : "autre" } ],
    "response" : 
    { "name" : "radio" } },
   
   { "id" : "jfjero7b",
    "componentType" : "CheckboxOne",
    "mandatory" : false,
    "page" : "18",
    "label" : "\"➡ \" || \"Question à choix unique - présentation case à cocher\"",
    "conditionFilter" : 
    { "value" : "true" },
    "hierarchy" : 
    { "sequence" : 
     { "id" : "jfjew4oy",
      "page" : "16",
      "label" : "\"II - \" || \"Questions à choix unique et questions à choix multiple\"" },
     "subSequence" : 
     { "id" : "jfkxouu8",
      "page" : "17",
      "label" : "Questions à choix unique" } },
    "bindingDependencies" : 
    [ "checkbox" ],
    "options" : 
    [ 
     { "value" : "1",
      "label" : "code1" },
     
     { "value" : "2",
      "label" : "code2" },
     
     { "value" : "3",
      "label" : "code3" },
     
     { "value" : "4",
      "label" : "code4" },
     
     { "value" : "5",
      "label" : "autre" } ],
    "response" : 
    { "name" : "checkbox" } },
   
   { "id" : "jfjfae9f",
    "componentType" : "Dropdown",
    "mandatory" : false,
    "page" : "19",
    "label" : "\"➡ \" || \"Question à choix unique - présentation liste déroulante\"",
    "conditionFilter" : 
    { "value" : "true" },
    "hierarchy" : 
    { "sequence" : 
     { "id" : "jfjew4oy",
      "page" : "16",
      "label" : "\"II - \" || \"Questions à choix unique et questions à choix multiple\"" },
     "subSequence" : 
     { "id" : "jfkxouu8",
      "page" : "17",
      "label" : "Questions à choix unique" } },
    "bindingDependencies" : 
    [ "dropdown" ],
    "options" : 
    [ 
     { "value" : "1",
      "label" : "code1" },
     
     { "value" : "2",
      "label" : "code2" },
     
     { "value" : "3",
      "label" : "code3" },
     
     { "value" : "4",
      "label" : "code4" },
     
     { "value" : "5",
      "label" : "autre" } ],
    "response" : 
    { "name" : "dropdown" } },
   
   { "id" : "COMMENT-SEQ",
    "componentType" : "Sequence",
    "page" : "20",
    "label" : "\"Commentaire\"",
    "conditionFilter" : 
    { "value" : "true" },
    "hierarchy" : 
    { "sequence" : 
     { "id" : "COMMENT-SEQ",
      "page" : "20",
      "label" : "\"Commentaire\"" } } },
   
   { "id" : "COMMENT-QUESTION",
    "componentType" : "Textarea",
    "mandatory" : false,
    "page" : "21",
    "maxLength" : 2000,
    "label" : "\"Avez-vous des remarques concernant l'enquête ou des commentaires ?\"",
    "conditionFilter" : 
    { "value" : "true" },
    "hierarchy" : 
    { "sequence" : 
     { "id" : "COMMENT-SEQ",
      "page" : "20",
      "label" : "\"Commentaire\"" } },
    "bindingDependencies" : 
    [ "COMMENT_QE" ],
    "response" : 
    { "name" : "COMMENT_QE" } } ],
  "variables" : 
  [ 
   { "variableType" : "COLLECTED",
    "name" : "COMMENT_QE",
    "componentRef" : "COMMENT-QUESTION",
    "values" : 
    { "PREVIOUS" : null,
     "COLLECTED" : null,
     "FORCED" : null,
     "EDITED" : null,
     "INPUTED" : null } },
   
   { "variableType" : "COLLECTED",
    "name" : "COCHECASE",
    "componentRef" : "jfazk91m",
    "values" : 
    { "PREVIOUS" : null,
     "COLLECTED" : null,
     "FORCED" : null,
     "EDITED" : null,
     "INPUTED" : null } },
   
   { "variableType" : "COLLECTED",
    "name" : "FILTRE",
    "componentRef" : "l3lan1ox",
    "values" : 
    { "PREVIOUS" : null,
     "COLLECTED" : null,
     "FORCED" : null,
     "EDITED" : null,
     "INPUTED" : null } },
   
   { "variableType" : "COLLECTED",
    "name" : "TEXTECOURT",
    "componentRef" : "jfazww20",
    "values" : 
    { "PREVIOUS" : null,
     "COLLECTED" : null,
     "FORCED" : null,
     "EDITED" : null,
     "INPUTED" : null } },
   
   { "variableType" : "COLLECTED",
    "name" : "TEXTELONG249",
    "componentRef" : "jfazwjyv",
    "values" : 
    { "PREVIOUS" : null,
     "COLLECTED" : null,
     "FORCED" : null,
     "EDITED" : null,
     "INPUTED" : null } },
   
   { "variableType" : "COLLECTED",
    "name" : "TEXTELONG250",
    "componentRef" : "kzwqst6c",
    "values" : 
    { "PREVIOUS" : null,
     "COLLECTED" : null,
     "FORCED" : null,
     "EDITED" : null,
     "INPUTED" : null } },
   
   { "variableType" : "COLLECTED",
    "name" : "NUMPREF",
    "componentRef" : "kk2fsjst",
    "values" : 
    { "PREVIOUS" : null,
     "COLLECTED" : null,
     "FORCED" : null,
     "EDITED" : null,
     "INPUTED" : null } },
   
   { "variableType" : "COLLECTED",
    "name" : "INTEGER",
    "componentRef" : "jfjh1ndk",
    "values" : 
    { "PREVIOUS" : null,
     "COLLECTED" : null,
     "FORCED" : null,
     "EDITED" : null,
     "INPUTED" : null } },
   
   { "variableType" : "COLLECTED",
    "name" : "FLOAT",
    "componentRef" : "jfjhb2pz",
    "values" : 
    { "PREVIOUS" : null,
     "COLLECTED" : null,
     "FORCED" : null,
     "EDITED" : null,
     "INPUTED" : null } },
   
   { "variableType" : "COLLECTED",
    "name" : "unit",
    "componentRef" : "jfjtbqh1",
    "values" : 
    { "PREVIOUS" : null,
     "COLLECTED" : null,
     "FORCED" : null,
     "EDITED" : null,
     "INPUTED" : null } },
   
   { "variableType" : "COLLECTED",
    "name" : "UNITD",
    "componentRef" : "kyiseu7q",
    "values" : 
    { "PREVIOUS" : null,
     "COLLECTED" : null,
     "FORCED" : null,
     "EDITED" : null,
     "INPUTED" : null } },
   
   { "variableType" : "COLLECTED",
    "name" : "DATE",
    "componentRef" : "jfjfckyw",
    "values" : 
    { "PREVIOUS" : null,
     "COLLECTED" : null,
     "FORCED" : null,
     "EDITED" : null,
     "INPUTED" : null } },
   
   { "variableType" : "COLLECTED",
    "name" : "DAAAA",
    "componentRef" : "kvl6bpxb",
    "values" : 
    { "PREVIOUS" : null,
     "COLLECTED" : null,
     "FORCED" : null,
     "EDITED" : null,
     "INPUTED" : null } },
   
   { "variableType" : "COLLECTED",
    "name" : "BOOLEN",
    "componentRef" : "jfjeud07",
    "values" : 
    { "PREVIOUS" : null,
     "COLLECTED" : null,
     "FORCED" : null,
     "EDITED" : null,
     "INPUTED" : null } },
   
   { "variableType" : "COLLECTED",
    "name" : "radio",
    "componentRef" : "jfjepz6i",
    "values" : 
    { "PREVIOUS" : null,
     "COLLECTED" : null,
     "FORCED" : null,
     "EDITED" : null,
     "INPUTED" : null } },
   
   { "variableType" : "COLLECTED",
    "name" : "checkbox",
    "componentRef" : "jfjero7b",
    "values" : 
    { "PREVIOUS" : null,
     "COLLECTED" : null,
     "FORCED" : null,
     "EDITED" : null,
     "INPUTED" : null } },
   
   { "variableType" : "COLLECTED",
    "name" : "dropdown",
    "componentRef" : "jfjfae9f",
    "values" : 
    { "PREVIOUS" : null,
     "COLLECTED" : null,
     "FORCED" : null,
     "EDITED" : null,
     "INPUTED" : null } },
   
   { "variableType" : "CALCULATED",
    "name" : "FILTER_RESULT_COCHECASE",
    "expression" : "true",
    "inFilter" : "false" },
   
   { "variableType" : "CALCULATED",
    "name" : "FILTER_RESULT_FILTRE",
    "expression" : "(BOOLEN = '1')",
    "bindingDependencies" : 
    [ "BOOLEN" ],
    "inFilter" : "false" },
   
   { "variableType" : "CALCULATED",
    "name" : "FILTER_RESULT_TEXTECOURT",
    "expression" : "true",
    "inFilter" : "false" },
   
   { "variableType" : "CALCULATED",
    "name" : "FILTER_RESULT_TEXTELONG249",
    "expression" : "true",
    "inFilter" : "false" },
   
   { "variableType" : "CALCULATED",
    "name" : "FILTER_RESULT_TEXTELONG250",
    "expression" : "true",
    "inFilter" : "false" },
   
   { "variableType" : "CALCULATED",
    "name" : "FILTER_RESULT_NUMPREF",
    "expression" : "true",
    "inFilter" : "false" },
   
   { "variableType" : "CALCULATED",
    "name" : "FILTER_RESULT_INTEGER",
    "expression" : "true",
    "inFilter" : "false" },
   
   { "variableType" : "CALCULATED",
    "name" : "FILTER_RESULT_FLOAT",
    "expression" : "true",
    "inFilter" : "false" },
   
   { "variableType" : "CALCULATED",
    "name" : "FILTER_RESULT_unit",
    "expression" : "true",
    "inFilter" : "false" },
   
   { "variableType" : "CALCULATED",
    "name" : "FILTER_RESULT_UNITD",
    "expression" : "true",
    "inFilter" : "false" },
   
   { "variableType" : "CALCULATED",
    "name" : "FILTER_RESULT_DATE",
    "expression" : "true",
    "inFilter" : "false" },
   
   { "variableType" : "CALCULATED",
    "name" : "FILTER_RESULT_DAAAA",
    "expression" : "true",
    "inFilter" : "false" },
   
   { "variableType" : "CALCULATED",
    "name" : "FILTER_RESULT_BOOLEN",
    "expression" : "true",
    "inFilter" : "false" },
   
   { "variableType" : "CALCULATED",
    "name" : "FILTER_RESULT_radio",
    "expression" : "true",
    "inFilter" : "false" },
   
   { "variableType" : "CALCULATED",
    "name" : "FILTER_RESULT_checkbox",
    "expression" : "true",
    "inFilter" : "false" },
   
   { "variableType" : "CALCULATED",
    "name" : "FILTER_RESULT_dropdown",
    "expression" : "true",
    "inFilter" : "false" } ] }